$0082 | keypress             | wozmon.oph:5
$0084 | xaml                 | wozmon.oph:6
$0085 | xamh                 | wozmon.oph:7
$0086 | stl                  | wozmon.oph:8
$0087 | sth                  | wozmon.oph:9
$0088 | l                    | wozmon.oph:10
$0089 | h                    | wozmon.oph:11
$008A | ysav                 | wozmon.oph:12
$008B | mode                 | wozmon.oph:13
$0200 | in                   | wozmon.oph:15
$FC00 | main                 | wozmon.oph:17
$FC00 | os                   | wozmon.oph:18
$FC02 | notcr                | wozmon.oph:21
$FC0D | escape               | wozmon.oph:29
$FC12 | getline              | wozmon.oph:33
$FC19 | backspace            | wozmon.oph:38
$FC26 | nextchar             | wozmon.oph:46
$FC3A | setblock             | wozmon.oph:57
$FC3B | setstor              | wozmon.oph:59
$FC3E | blskip               | wozmon.oph:62
$FC3F | nextitem             | wozmon.oph:64
$FC5A | nexthex              | wozmon.oph:79
$FC69 | dig                  | wozmon.oph:87
$FC6F | hexshift             | wozmon.oph:94
$FC7A | nothex               | wozmon.oph:103
$FC8C | tonextitem           | wozmon.oph:115
$FC8F | run                  | wozmon.oph:117
$FC92 | notstor              | wozmon.oph:120
$FC96 | setadr               | wozmon.oph:124
$FC9F | nxtprnt              | wozmon.oph:130
$FCB5 | prdata               | wozmon.oph:141
$FCBF | xamnext              | wozmon.oph:146
$FCD1 | mod8chk              | wozmon.oph:157
$FCD7 | prbyte               | wozmon.oph:162
$FCE0 | prhex                | wozmon.oph:171
$FCEA | digit                | wozmon.oph:177
$FE00 | boot                 | boot.oph:23
$FE05 | *                    | boot.oph:28
$FE12 | *                    | boot.oph:38
$FE1B | sendstr              | boot.oph:48
$FE1F | sendstrloop          | boot.oph:52
$FE31 | sendstrend           | boot.oph:61
$FE32 | sendhex              | boot.oph:67
$FE3C | sendnum              | boot.oph:76
$FE49 | sendnum2digits       | boot.oph:83
$FE4E | sendnum1digits       | boot.oph:86
$FE53 | sendhighdigit        | boot.oph:96
$FE59 | *                    | boot.oph:100
$FE64 | highestdigitcomputed | boot.oph:106
$FE6F | *                    | boot.oph:114
$FE74 | send                 | boot.oph:122
$FE7B | sendloop             | boot.oph:128
$FE7D | setoutputlow         | boot.oph:130
$FE83 | setoutputhigh        | boot.oph:133
$FE88 | setoutputdone        | boot.oph:137
$FEA9 | _target              | boot.oph:144->boot.oph:10
$FEB3 | receiveburst         | boot.oph:161
$FECC | continuereceiveburst | boot.oph:174
$FEE4 | receiveburstend      | boot.oph:186
$FEE7 | receive              | boot.oph:195
$FEEB | waitforstartbit      | boot.oph:201
$FF01 | startbitfound        | boot.oph:215
$FF2E | bitreceiveloop       | boot.oph:228
$FF40 | _target              | boot.oph:236->boot.oph:10
$FF42 | *                    | boot.oph:238
$FF60 | waitforstopbit       | boot.oph:251
$FF67 | irqhandler           | boot.oph:265
